INFO:  latexindent.pl version 4.0.2, 2026-06-06, a script to indent .tex files
       latexindent.pl lives here: C:/Users/Admin/AppData/Local/Programs/MiKTeX/scripts/latexindent/
       Fri Jul 31 19:20:22 2026
       Filename: c:/Users/Admin/Desktop/PD learning/chapters/__latexindent_temp_ch01_introduction.tex
INFO:  Processing switches:
       -y|--yaml: YAML settings specified via command line
       -c|--cruft: cruft directory
INFO:  Directory for backup files and log file c:\Users\Admin\Desktop\PD learning\indent.log:
       c:\Users\Admin\Desktop\PD learning\
INFO:  Perl modules are being loaded from the following directories:
       C:/Users/Admin/AppData/Local/Programs/StrawberryPerl/perl/lib/FindBin.pm
       C:/Users/Admin/AppData/Local/Programs/StrawberryPerl/perl/vendor/lib/YAML/Tiny.pm
       C:/Users/Admin/AppData/Local/Programs/StrawberryPerl/perl/lib/File/Copy.pm
       C:/Users/Admin/AppData/Local/Programs/StrawberryPerl/perl/lib/File/Basename.pm
       C:/Users/Admin/AppData/Local/Programs/StrawberryPerl/perl/lib/Getopt/Long.pm
       C:/Users/Admin/AppData/Local/Programs/StrawberryPerl/perl/vendor/lib/File/HomeDir.pm
INFO:  LatexIndent perl modules are being loaded from, for example:
       C:/Users/Admin/AppData/Local/Programs/MiKTeX/scripts/latexindent/LatexIndent/Document.pm
INFO:  YAML settings read: defaultSettings.yaml
       Reading defaultSettings.yaml from C:/Users/Admin/AppData/Local/Programs/MiKTeX/scripts/latexindent/defaultSettings.yaml
INFO:  YAML reading settings
       Home directory is C:\Users\Admin\AppData\Local\Programs\StrawberryPerl\data
       latexindent.pl didn't find indentconfig.yaml or .indentconfig.yaml
       see all possible locations: https://latexindentpl.readthedocs.io/en/latest/sec-appendices.html#indentconfig-options
INFO:  YAML settings read: -y switch
       YAML setting: defaultIndent:'  '
       single-quoted string found in -y switch: '  ', substitute to   
       Updating mainSetting with defaultIndent:   
INFO:  Output routine:
       Not outputting to file; see -w and -o switches for more options.
       --------------
INFO:  Please direct all communication/issues to:
       https://github.com/cmhughes/latexindent.pl
       documentation: https://latexindentpl.readthedocs.io/en/latest/
