\BOOKMARK [0][-]{chapter*.1}{\376\377\122\115\212\000}{}% 1
\BOOKMARK [0][-]{chapter*.3}{\376\377\173\046\123\367\210\150}{}% 2
\BOOKMARK [0][-]{chapter.1}{\376\377\176\352\213\272}{}% 3
\BOOKMARK [1][-]{section.1.1}{\376\377\176\317\121\170\217\336\176\355\116\313\215\050\122\233\133\146\166\204\134\100\226\120\116\016\143\021\142\030}{chapter.1}% 4
\BOOKMARK [1][-]{section.1.2}{\376\377\227\136\134\100\220\350\164\006\213\272\166\204\215\167\156\220\116\016\123\321\134\125}{chapter.1}% 5
\BOOKMARK [1][-]{section.1.3}{\376\377\217\321\127\072\122\250\122\233\133\146\166\204\213\336\165\037}{chapter.1}% 6
\BOOKMARK [1][-]{section.1.4}{\376\377\217\321\127\072\122\250\122\233\133\146\166\204\150\070\137\303\140\035\140\363\116\016\127\372\147\054\162\171\137\201}{chapter.1}% 7
\BOOKMARK [1][-]{section.1.5}{\376\377\217\321\127\072\122\250\122\233\133\146\166\204\123\321\134\125\123\206\172\013\116\016\170\024\172\166\163\260\162\266}{chapter.1}% 8
\BOOKMARK [1][-]{section.1.6}{\376\377\147\054\116\146\166\204\176\323\147\204\116\016\117\177\165\050\143\007\123\127}{chapter.1}% 9
\BOOKMARK [0][-]{chapter.2}{\376\377\217\321\127\072\122\250\122\233\133\146\127\372\147\054\164\006\213\272\150\106\147\266}{}% 10
\BOOKMARK [1][-]{section.2.1}{\376\377\162\151\215\050\160\271\060\001\225\056\060\001\217\321\127\072\127\337\116\016\145\317}{chapter.2}% 11
\BOOKMARK [1][-]{section.2.2}{\376\377\225\056\166\204\217\320\122\250\133\146}{chapter.2}% 12
\BOOKMARK [1][-]{section.2.3}{\376\377\123\327\122\233\143\317\217\360\116\016\217\320\122\250\145\271\172\013}{chapter.2}% 13
\BOOKMARK [1][-]{section.2.4}{\376\377\217\321\127\072\122\250\122\233\133\146\162\266\140\001}{chapter.2}% 14
\BOOKMARK [1][-]{section.2.5}{\376\377\136\224\123\330\200\375\133\306\136\246}{chapter.2}% 15
\BOOKMARK [1][-]{section.2.6}{\376\377\133\210\140\122\137\213\166\204\166\370\133\271\140\047\147\141\116\366}{chapter.2}% 16
\BOOKMARK [1][-]{section.2.7}{\376\377\116\064\165\114\117\070\225\177\163\207\116\016\145\255\225\056\121\306\122\031}{chapter.2}% 17
\BOOKMARK [1][-]{section.2.8}{\376\377\122\035\131\313\147\141\116\366\116\016\117\123\171\357\176\246\147\137}{chapter.2}% 18
\BOOKMARK [0][-]{chapter.3}{\376\377\176\317\121\170\217\336\176\355\116\313\215\050\122\233\133\146\116\016\217\321\127\072\122\250\122\233\133\146\166\204\200\124\174\373}{}% 19
\BOOKMARK [1][-]{section.3.1}{\376\377\217\321\127\072\122\250\122\233\133\146\124\021\176\317\121\170\164\006\213\272\166\204\220\000\123\026}{chapter.3}% 20
\BOOKMARK [1][-]{section.3.2}{\376\377\217\321\127\072\122\250\122\233\133\146\136\224\122\233\137\040\221\317}{chapter.3}% 21
\BOOKMARK [1][-]{section.3.3}{\376\377\217\321\127\072\122\250\122\233\133\146\122\233\133\306\136\246\167\342\221\317\116\016\000\040\000C\000a\000u\000c\000h\000y\000\040\136\224\122\233\166\204\121\163\174\373}{chapter.3}% 22
\BOOKMARK [1][-]{section.3.4}{\376\377\156\020\217\321\166\370\133\271\140\047}{chapter.3}% 23
\BOOKMARK [1][-]{section.3.5}{\376\377\227\136\134\100\220\350\123\330\122\006\123\237\164\006\116\016\217\321\127\072\122\250\122\233\133\146\145\271\172\013\166\204\137\061\137\142\137\017}{chapter.3}% 24
\BOOKMARK [0][-]{chapter.4}{\376\377\225\056\127\213\217\321\127\072\122\250\122\233\133\146\152\041\127\213}{}% 25
\BOOKMARK [1][-]{section.4.1}{\376\377\225\056\127\213\164\006\213\272\166\204\127\372\147\054\120\107\213\276}{chapter.4}% 26
\BOOKMARK [1][-]{section.4.2}{\376\377\137\256\122\277\116\016\225\056\122\233\133\306\136\246\121\375\145\160}{chapter.4}% 27
\BOOKMARK [1][-]{section.4.3}{\376\377\176\317\121\170\137\256\137\071\201\006\140\047\152\041\127\213}{chapter.4}% 28
\BOOKMARK [1][-]{section.4.4}{\376\377\147\120\145\231\123\302\145\160\166\204\163\207\133\232}{chapter.4}% 29
\BOOKMARK [1][-]{section.4.5}{\376\377\210\150\227\142\145\110\136\224\123\312\121\166\117\356\153\143}{chapter.4}% 30
\BOOKMARK [1][-]{section.4.6}{\376\377\225\056\127\213\152\041\127\213\166\204\126\372\147\011\134\100\226\120}{chapter.4}% 31
\BOOKMARK [0][-]{chapter.5}{\376\377\225\056\127\213\152\041\127\213\166\204\145\071\217\333\116\016\142\151\134\125}{}% 32
\BOOKMARK [1][-]{section.5.1}{\376\377\200\003\206\121\225\177\172\013\122\233\172\172\225\364\210\160\121\317\166\204\117\356\153\143}{chapter.5}% 33
\BOOKMARK [1][-]{section.5.2}{\376\377\137\256\150\201\152\041\127\213}{chapter.5}% 34
\BOOKMARK [1][-]{section.5.3}{\376\377\121\161\217\155\225\056\152\041\127\213}{chapter.5}% 35
\BOOKMARK [1][-]{section.5.4}{\376\377\225\056\217\154\122\250\225\056\127\213\217\321\127\072\122\250\122\233\133\146}{chapter.5}% 36
\BOOKMARK [1][-]{section.5.5}{\376\377\133\371\120\166\123\314\137\161\124\315\127\337\152\041\127\213}{chapter.5}% 37
\BOOKMARK [1][-]{section.5.6}{\376\377\227\142\124\021\124\004\124\021\137\002\140\047\147\120\145\231\166\204\225\056\127\213\152\041\127\213}{chapter.5}% 38
\BOOKMARK [0][-]{chapter.6}{\376\377\136\070\211\304\140\001\127\213\217\321\127\072\122\250\122\233\133\146}{}% 39
\BOOKMARK [1][-]{section.6.1}{\376\377\140\001\127\213\164\006\213\272\166\204\127\372\147\054\151\202\137\365\116\016\145\160\133\146\210\150\217\360}{chapter.6}% 40
\BOOKMARK [1][-]{section.6.2}{\376\377\136\070\211\304\140\001\127\213\137\071\140\047\147\054\147\204\152\041\127\213}{chapter.6}% 41
\BOOKMARK [1][-]{section.6.3}{\376\377\136\070\211\304\140\001\127\213\137\071\130\121\140\047\152\041\127\213}{chapter.6}% 42
\BOOKMARK [1][-]{section.6.4}{\376\377\147\120\145\231\137\072\136\246\123\302\145\160\166\204\170\156\133\232}{chapter.6}% 43
\BOOKMARK [0][-]{chapter.7}{\376\377\227\136\136\070\211\304\140\001\127\213\217\321\127\072\122\250\122\233\133\146}{}% 44
\BOOKMARK [1][-]{section.7.1}{\376\377\227\136\136\070\211\304\140\001\127\213\136\372\152\041\150\106\147\266}{chapter.7}% 45
\BOOKMARK [1][-]{section.7.2}{\376\377\227\136\134\100\220\350\123\330\137\142\150\257\136\246\116\016\133\371\136\224\152\041\127\213}{chapter.7}% 46
\BOOKMARK [1][-]{section.7.3}{\376\377\176\277\140\047\225\356\230\230\166\204\226\220\137\017\154\102\211\343}{chapter.7}% 47
\BOOKMARK [1][-]{section.7.4}{\376\377\227\136\176\277\140\047\225\356\230\230\166\204\226\220\137\017\154\102\211\343}{chapter.7}% 48
\BOOKMARK [1][-]{section.7.5}{\376\377\145\160\120\074\116\015\172\063\133\232\140\047\122\006\147\220\377\032\226\366\200\375\152\041\137\017\116\016\143\247\122\066}{chapter.7}% 49
\BOOKMARK [1][-]{section.7.6}{\376\377\172\063\133\232\123\026\173\126\165\145}{chapter.7}% 50
\BOOKMARK [1][-]{section.7.7}{\376\377\232\330\226\066\227\136\136\070\211\304\140\001\127\213\152\041\127\213}{chapter.7}% 51
\BOOKMARK [0][-]{chapter.8}{\376\377\147\054\147\204\152\041\127\213\116\023\230\230}{}% 52
\BOOKMARK [1][-]{section.8.1}{\376\377\215\205\137\071\140\047\147\120\145\231}{chapter.8}% 53
\BOOKMARK [1][-]{section.8.2}{\376\377\236\317\137\071\140\047\116\016\236\317\130\121\140\047\147\120\145\231}{chapter.8}% 54
\BOOKMARK [1][-]{section.8.3}{\376\377\210\025\123\330\147\120\145\231}{chapter.8}% 55
\BOOKMARK [1][-]{section.8.4}{\376\377\146\166\117\123\137\071\130\121\140\047}{chapter.8}% 56
\BOOKMARK [1][-]{section.8.5}{\376\377\121\306\201\006\140\047\147\120\145\231\166\204\000\040\000J\000H\000-\0002\000\040\147\054\147\204}{chapter.8}% 57
\BOOKMARK [1][-]{section.8.6}{\376\377\147\011\226\120\123\330\137\142\150\106\147\266\116\013\166\204\147\054\147\204\133\236\163\260}{chapter.8}% 58
\BOOKMARK [0][-]{chapter.9}{\376\377\172\172\225\364\171\273\145\143\116\016\145\366\225\364\171\357\122\006}{}% 59
\BOOKMARK [1][-]{section.9.1}{\376\377\145\340\177\121\150\074\171\273\145\143\150\074\137\017}{chapter.9}% 60
\BOOKMARK [1][-]{section.9.2}{\376\377\117\123\171\357\117\356\153\143\116\016\210\150\227\142\171\357\122\006\145\271\150\110}{chapter.9}% 61
\BOOKMARK [1][-]{section.9.3}{\376\377\145\366\127\337\171\357\122\006\166\204\146\076\137\017\145\271\154\325}{chapter.9}% 62
\BOOKMARK [1][-]{section.9.4}{\376\377\201\352\220\002\136\224\122\250\122\233\147\176\137\033\154\325}{chapter.9}% 63
\BOOKMARK [1][-]{section.9.5}{\376\377\226\220\137\017\154\102\211\343\173\126\165\145}{chapter.9}% 64
\BOOKMARK [1][-]{section.9.6}{\376\377\142\337\227\131\122\233\122\006\147\220\145\271\154\325}{chapter.9}% 65
\BOOKMARK [0][-]{chapter.10}{\376\377\217\271\165\114\147\141\116\366\116\016\210\150\227\142\145\110\136\224\131\004\164\006}{}% 66
\BOOKMARK [1][-]{section.10.1}{\376\377\117\115\171\373\217\271\165\114\147\141\116\366\166\204\145\275\122\240}{chapter.10}% 67
\BOOKMARK [1][-]{section.10.2}{\376\377\122\233\217\271\165\114\147\141\116\366\166\204\145\275\122\240}{chapter.10}% 68
\BOOKMARK [1][-]{section.10.3}{\376\377\227\136\134\100\220\350\217\271\165\114\134\102\116\016\210\150\227\142\145\110\136\224\166\204\145\160\120\074\117\356\153\143}{chapter.10}% 69
\BOOKMARK [1][-]{section.10.4}{\376\377\145\340\206\132\142\337\134\102\217\271\165\114\147\141\116\366\166\364\143\245\145\275\122\240\145\271\154\325}{chapter.10}% 70
\BOOKMARK [1][-]{section.10.5}{\376\377\143\245\211\346\173\227\154\325}{chapter.10}% 71
\BOOKMARK [0][-]{chapter.11}{\376\377\210\302\176\271\116\016\143\137\117\044\166\204\145\160\120\074\152\041\142\337}{}% 72
\BOOKMARK [1][-]{section.11.1}{\376\377\210\302\176\271\166\204\210\150\137\201\116\016\230\204\177\156\145\271\154\325}{chapter.11}% 73
\BOOKMARK [1][-]{section.11.2}{\376\377\143\137\117\044\127\072\116\016\134\100\220\350\143\137\117\044\221\317\213\241\173\227}{chapter.11}% 74
\BOOKMARK [1][-]{section.11.3}{\376\377\122\250\140\001\210\302\176\271\142\151\134\125\217\375\216\052}{chapter.11}% 75
\BOOKMARK [1][-]{section.11.4}{\376\377\000I\127\213\060\001\000I\000I\127\213\123\312\155\367\124\010\127\213\145\255\210\302}{chapter.11}% 76
\BOOKMARK [1][-]{section.11.5}{\376\377\122\250\140\001\136\224\122\233\137\072\136\246\126\340\133\120\166\204\213\241\173\227}{chapter.11}% 77
\BOOKMARK [1][-]{section.11.6}{\376\377\131\032\210\302\176\271\116\244\116\222\117\134\165\050\152\041\142\337}{chapter.11}% 78
\BOOKMARK [0][-]{chapter.12}{\376\377\217\321\127\072\122\250\122\233\133\146\116\016\147\011\226\120\121\103\154\325\166\204\155\367\124\010\152\041\127\213}{}% 79
\BOOKMARK [1][-]{section.12.1}{\376\377\155\367\124\010\136\372\152\041\166\204\137\305\211\201\140\047\116\016\127\372\147\054\173\126\165\145}{chapter.12}% 80
\BOOKMARK [1][-]{section.12.2}{\376\377\122\233\200\046\124\010\145\271\154\325\116\016\225\166\135\114\123\125\121\103\142\200\147\057}{chapter.12}% 81
\BOOKMARK [1][-]{section.12.3}{\376\377\117\115\171\373\123\117\214\003\176\246\147\137\154\325}{chapter.12}% 82
\BOOKMARK [1][-]{section.12.4}{\376\377\221\315\123\340\152\041\127\213\116\016\143\245\211\346\152\041\127\213}{chapter.12}% 83
\BOOKMARK [1][-]{section.12.5}{\376\377\127\372\116\216\133\120\152\041\127\213\166\204\145\271\154\325}{chapter.12}% 84
\BOOKMARK [1][-]{section.12.6}{\376\377\227\136\217\336\176\355\117\075\217\275\221\321\147\011\226\120\121\103\154\325}{chapter.12}% 85
\BOOKMARK [1][-]{section.12.7}{\376\377\127\050\125\106\116\032\217\157\116\366\116\055\166\204\133\236\163\260}{chapter.12}% 86
\BOOKMARK [0][-]{chapter.13}{\376\377\160\355\117\040\133\374\116\016\160\355\000-\122\233\200\046\124\010}{}% 87
\BOOKMARK [1][-]{section.13.1}{\376\377\160\355\117\040\133\374\166\204\225\056\127\213\217\321\127\072\122\250\122\233\133\146\152\041\127\213}{chapter.13}% 88
\BOOKMARK [1][-]{section.13.2}{\376\377\160\355\117\040\133\374\166\204\140\001\127\213\217\321\127\072\122\250\122\233\133\146\152\041\127\213}{chapter.13}% 89
\BOOKMARK [1][-]{section.13.3}{\376\377\127\372\116\216\217\321\127\072\122\250\122\233\133\146\137\256\122\006\173\227\133\120\166\204\160\355\117\040\133\374\152\041\127\213}{chapter.13}% 90
\BOOKMARK [1][-]{section.13.4}{\376\377\160\355\000-\122\233\123\125\124\021\200\046\124\010\152\041\127\213}{chapter.13}% 91
\BOOKMARK [1][-]{section.13.5}{\376\377\160\355\000-\122\233\133\214\121\150\200\046\124\010\152\041\127\213}{chapter.13}% 92
\BOOKMARK [0][-]{chapter.14}{\376\377\121\166\116\326\131\032\162\151\164\006\127\072\200\046\124\010}{}% 93
\BOOKMARK [1][-]{section.14.1}{\376\377\156\177\000-\160\355\000-\122\233\200\046\124\010}{chapter.14}% 94
\BOOKMARK [1][-]{section.14.2}{\376\377\131\032\133\124\116\313\215\050\155\101\000-\126\372\200\046\124\010}{chapter.14}% 95
\BOOKMARK [1][-]{section.14.3}{\376\377\122\233\000-\165\065\200\046\124\010\116\016\165\065\217\301\171\373}{chapter.14}% 96
\BOOKMARK [1][-]{section.14.4}{\376\377\201\120\206\200\116\016\142\151\145\143\000-\122\233\200\046\124\010}{chapter.14}% 97
\BOOKMARK [1][-]{section.14.5}{\376\377\131\032\162\151\164\006\127\072\217\321\127\072\122\250\122\233\133\146\166\204\176\337\116\000\150\106\147\266}{chapter.14}% 98
\BOOKMARK [0][-]{chapter.15}{\376\377\217\321\127\072\122\250\122\233\133\146\137\256\122\006\173\227\133\120\145\271\154\325}{}% 99
\BOOKMARK [1][-]{section.15.1}{\376\377\217\321\127\072\122\250\122\233\133\146\137\256\122\006\173\227\133\120\166\204\127\372\147\054\151\202\137\365}{chapter.15}% 100
\BOOKMARK [1][-]{section.15.2}{\376\377\116\373\141\017\226\066\133\374\145\160\166\204\227\136\134\100\220\350\210\150\171\072}{chapter.15}% 101
\BOOKMARK [1][-]{section.15.3}{\376\377\116\000\226\066\116\016\232\330\226\066\227\136\134\100\220\350\173\227\133\120}{chapter.15}% 102
\BOOKMARK [1][-]{section.15.4}{\376\377\123\314\137\161\124\315\127\337\217\321\127\072\122\250\122\233\133\146}{chapter.15}% 103
\BOOKMARK [1][-]{section.15.5}{\376\377\227\136\134\100\220\350\173\227\133\120\145\271\154\325\154\102\211\343\120\117\137\256\122\006\145\271\172\013}{chapter.15}% 104
\BOOKMARK [1][-]{section.15.6}{\376\377\116\016\117\040\176\337\145\340\177\121\150\074\145\271\154\325\166\204\153\324\217\203}{chapter.15}% 105
\BOOKMARK [0][-]{chapter.16}{\376\377\122\115\154\277\145\271\154\325\116\016\145\260\217\333\134\125}{}% 106
\BOOKMARK [1][-]{section.16.1}{\376\377\131\032\134\072\136\246\217\321\127\072\122\250\122\233\133\146\136\372\152\041}{chapter.16}% 107
\BOOKMARK [1][-]{section.16.2}{\376\377\147\072\126\150\133\146\116\140\116\016\217\321\127\072\122\250\122\233\133\146}{chapter.16}% 108
\BOOKMARK [1][-]{section.16.3}{\376\377\165\262\122\263\116\016\156\020\217\333\143\137\117\044\166\204\217\321\127\072\122\250\122\233\133\146\136\372\152\041}{chapter.16}% 109
\BOOKMARK [1][-]{section.16.4}{\376\377\121\262\121\373\116\016\162\006\160\270\225\356\230\230\166\204\217\321\127\072\122\250\122\233\133\146\152\041\142\337}{chapter.16}% 110
\BOOKMARK [1][-]{section.16.5}{\376\377\176\263\174\163\134\072\136\246\166\204\217\321\127\072\122\250\122\233\133\146\136\224\165\050}{chapter.16}% 111
\BOOKMARK [0][-]{chapter.17}{\376\377\217\321\127\072\122\250\122\233\133\146\172\013\136\217\213\276\213\241}{}% 112
\BOOKMARK [1][-]{section.17.1}{\376\377\172\013\136\217\213\276\213\241\150\106\147\266\116\016\213\241\173\227\155\101\172\013}{chapter.17}% 113
\BOOKMARK [1][-]{section.17.2}{\376\377\145\160\143\156\176\323\147\204\213\276\213\241}{chapter.17}% 114
\BOOKMARK [1][-]{section.17.3}{\376\377\220\273\134\105\144\034\175\042\173\227\154\325}{chapter.17}% 115
\BOOKMARK [1][-]{section.17.4}{\376\377\136\166\210\114\213\241\173\227\173\126\165\145}{chapter.17}% 116
\BOOKMARK [1][-]{section.17.5}{\376\377\215\037\217\175\127\107\210\141\173\126\165\145}{chapter.17}% 117
\BOOKMARK [1][-]{section.17.6}{\376\377\213\241\173\227\174\276\136\246\116\016\145\066\145\133\140\047\122\006\147\220}{chapter.17}% 118
\BOOKMARK [0][-]{chapter.18}{\376\377\137\000\156\220\116\016\125\106\116\032\217\157\116\366\136\163\123\360}{}% 119
\BOOKMARK [1][-]{section.18.1}{\376\377\000P\000D\000L\000A\000M\000M\000P\000S\377\032\127\372\116\216\000\040\000L\000A\000M\000M\000P\000S\000\040\166\204\217\321\127\072\122\250\122\233\133\146\133\236\163\260}{chapter.18}% 120
\BOOKMARK [1][-]{section.18.2}{\376\377\000P\000e\000r\000i\000d\000i\000g\000m\377\032\000S\000a\000n\000d\000i\000a\000\040\137\000\156\220\217\321\127\072\122\250\122\233\133\146\150\106\147\266}{chapter.18}% 121
\BOOKMARK [1][-]{section.18.3}{\376\377\000P\000e\000r\000i\000P\000y\000\040\116\016\000\040\000P\000y\000t\000h\000o\000n\000\040\217\321\127\072\122\250\122\233\133\146\165\037\140\001}{chapter.18}% 122
\BOOKMARK [1][-]{section.18.4}{\376\377\000L\000S\000-\000D\000Y\000N\000A\000\040\116\055\166\204\217\321\127\072\122\250\122\233\133\146\122\237\200\375}{chapter.18}% 123
\BOOKMARK [1][-]{section.18.5}{\376\377\000A\000B\000A\000Q\000U\000S\000\040\116\214\153\041\137\000\123\321\133\236\163\260\217\321\127\072\122\250\122\233\133\146}{chapter.18}% 124
\BOOKMARK [1][-]{section.18.6}{\376\377\000A\000N\000S\000Y\000S\000\040\116\055\166\204\217\321\127\072\122\250\122\233\133\146\116\016\147\011\226\120\121\103\200\046\124\010\133\236\163\260}{chapter.18}% 125
\BOOKMARK [1][-]{section.18.7}{\376\377\217\157\116\366\220\011\127\213\116\016\133\371\153\324}{chapter.18}% 126
\BOOKMARK [0][-]{chapter.19}{\376\377\127\372\121\306\225\356\230\230\116\016\232\214\213\301\173\227\117\213}{}% 127
\BOOKMARK [1][-]{section.19.1}{\376\377\116\000\176\364\147\106\166\204\137\071\140\047\154\342\117\040\144\255}{chapter.19}% 128
\BOOKMARK [1][-]{section.19.2}{\376\377\116\214\176\364\147\177\142\311\117\070\116\016\137\057\146\362\225\356\230\230}{chapter.19}% 129
\BOOKMARK [1][-]{section.19.3}{\376\377\124\053\133\124\147\177\166\204\136\224\122\233\226\306\116\055}{chapter.19}% 130
\BOOKMARK [1][-]{section.19.4}{\376\377\230\204\122\066\210\302\176\271\147\177\166\204\210\302\176\271\142\151\134\125}{chapter.19}% 131
\BOOKMARK [1][-]{section.19.5}{\376\377\000K\000a\000l\000t\000h\000o\000f\000f\000-\000W\000i\000n\000k\000l\000e\000r\000\040\121\262\121\373\133\236\232\214}{chapter.19}% 132
\BOOKMARK [1][-]{section.19.6}{\376\377\116\011\160\271\137\057\146\362\150\201\145\255\210\302}{chapter.19}% 133
\BOOKMARK [1][-]{section.19.7}{\376\377\155\367\121\335\127\037\147\177\121\262\121\373\117\265\137\173}{chapter.19}% 134
\BOOKMARK [1][-]{section.19.8}{\376\377\160\355\117\040\133\374\116\016\160\355\000-\122\233\200\046\124\010\127\372\121\306\155\113\213\325}{chapter.19}% 135
\BOOKMARK [0][-]{appendix.A}{\376\377\145\160\133\146\127\372\170\100\377\032\124\021\221\317\060\001\137\040\221\317\116\016\217\321\127\072\122\250\122\233\133\146\162\266\140\001\166\204\173\046\123\367\117\123\174\373}{}% 136
\BOOKMARK [0][-]{appendix.B}{\376\377\217\336\176\355\116\313\215\050\122\233\133\146\127\372\170\100\220\037\211\310}{}% 137
\BOOKMARK [0][-]{appendix.C}{\376\377\136\070\165\050\217\321\127\072\122\250\122\233\133\146\137\000\156\220\116\343\170\001\175\042\137\025}{}% 138
\BOOKMARK [0][-]{appendix.D}{\376\377\173\046\123\367\210\150}{}% 139
\BOOKMARK [0][-]{appendix.E}{\376\377\123\302\200\003\145\207\163\056\154\107\140\073}{}% 140
